MAP
    MAXSIZE 4096 # allow for images greater than 2048x2048 pixels to be generated
	
    # START OF CONFIG
    # path to the folder containing the epsg projections file 
    # this path is relative to the MAP file (it can also be a full path)	
    CONFIG "PROJ_LIB" "projections" 
    # END OF CONFIG
    	
    # START OF WEB OBJECT
    WEB
        METADATA
            'wms_enable_request'  '*'
            # Allow WMS service to serve multiple projections
            # Only EPSG, AUTO2, CRS codes are supported as part of WMS 1.3.0
            'wms_srs' 'EPSG:4326 EPSG:3857 EPSG:54009'
        END
    END
    # END OF WEB OBJECT

    # START OF PROJECTION OBJECT
    PROJECTION
        # this references the epsg file in the folder specified by CONFIG "PROJ_LIB" 
        'init=epsg:4326' 
    END

    # An alternate way to specify the projection is "inline"
    # You can find this definition at https://epsg.io/4326.map

    #PROJECTION
	#    "proj=longlat"
	#    "datum=WGS84"
	#    "no_defs"
    #END

    # END OF PROJECTION OBJECT

    # START OF MAP EXTENT
    EXTENT -180 -90 180 90
    # END OF MAP EXTENT

    SYMBOL
        # Symbol name (referenced in STYLEs)
        NAME 'CIRCLE'
        TYPE ellipse # Type of symbol
        POINTS
            1 1
        END      
        FILLED true # The symbol should be filled
    END

    SYMBOL 
        NAME 'WAVES'
        TYPE vector    
        POINTS         
            0 0        
            1 1        
            2 0        
        END
    END

    LAYER
        NAME 'land'
        TYPE POLYGON
        DATA '../data/vector/naturalearth/ne_110m_land'
        CLASSGROUP 'style1' # this is the default style to use
        CLASS
            GROUP 'style1'
            STYLE
                COLOR 107 208 107
                OUTLINECOLOR 2 2 2
                WIDTH 1
            END
        END
    END

    LAYER
        NAME 'ocean'
        TYPE POLYGON
        DATA '../data/vector/naturalearth/ne_10m_ocean'
        CLASS
            GROUP 'style1'
            STYLE
                SYMBOL 'WAVES'
                COLOR 198 226 242
                SIZE 6 # the height of the symbol
                WIDTH 1 # the width of the vector line
            END
        END
    END

    LAYER
        NAME 'places'
        TYPE POINT
        DATA '../data/vector/naturalearth/ne_110m_populated_places'
        # START OF LAYER EXTENT
        EXTENT -41.3 -175.221 64.15 179.217
        METADATA
            # For WMS layers this value takes precedent over the LAYER'S EXTENT setting
            'wms_extent' '-41 -175 64 179'
        END
        # END OF LAYER EXTENT
        CLASS
            STYLE
                SYMBOL 'CIRCLE' # this must correspond to the NAME of a SYMBOL object
                COLOR  255 153 51 # the color in which the symbol will be filled
                SIZE 8 # the size of the symbol
                OUTLINECOLOR 2 2 2
            END
        END
    END
END
